Загальні показники за url = http://httpbin.org/anything
---

2020-08-28 12:45:42,812 [INFO]: N: 100, total time: 35.30; BoundedSemaphore(2), sleep(random.uniform((0.3, 0.8))); 2.83/1сек, 169.98/1хв, 10198.71/1год, 244769.05/1доба
2020-08-28 12:46:13,778 [INFO]: N: 100, total time: 23.21; BoundedSemaphore(3), sleep(random.uniform((0.3, 0.8))); 4.31/1сек, 258.55/1хв, 15512.93/1год, 372310.33/1доба
2020-08-28 12:47:04,920 [INFO]: N: 100, total time: 17.12; BoundedSemaphore(4), sleep(random.uniform((0.3, 0.8))); 5.84/1сек, 350.56/1хв, 21033.38/1год, 504801.03/1доба
2020-08-28 12:48:13,507 [INFO]: N: 100, total time: 14.01; BoundedSemaphore(5), sleep(random.uniform((0.3, 0.8))); 7.14/1сек, 428.33/1хв, 25699.87/1год, 616796.96/1доба
2020-08-28 12:55:43,326 [INFO]: N: 100, total time: 17.30; BoundedSemaphore(5), sleep(random.uniform((0.4, 1))); 5.78/1сек, 346.79/1хв, 20807.56/1год, 499381.46/1доба
2020-08-28 12:57:31,721 [INFO]: N: 100, total time: 17.76; BoundedSemaphore(5), sleep(random.uniform((0.4, 1))); 5.63/1сек, 337.90/1хв, 20273.90/1год, 486573.60/1доба
2020-08-28 12:58:01,344 [INFO]: N: 100, total time: 16.96; BoundedSemaphore(5), sleep(random.uniform((0.4, 1))); 5.90/1сек, 353.75/1хв, 21224.90/1год, 509397.49/1доба

Як працює скрипт: 
---

2020-08-28 13:01:23,755 [INFO]: Виконав запит
2020-08-28 13:01:23,755 [INFO]: Виконав запит
2020-08-28 13:01:23,755 [INFO]: Виконав запит
2020-08-28 13:01:23,755 [INFO]: Виконав запит
2020-08-28 13:01:23,755 [INFO]: Виконав запит
2020-08-28 13:01:24,165 [INFO]: Записав файл
2020-08-28 13:01:24,165 [INFO]: Записав файл
2020-08-28 13:01:24,260 [INFO]: Записав файл
2020-08-28 13:01:24,280 [INFO]: Записав файл
2020-08-28 13:01:24,295 [INFO]: Виконав запит
2020-08-28 13:01:24,305 [INFO]: Виконав запит
2020-08-28 13:01:24,388 [INFO]: Виконав запит
2020-08-28 13:01:24,400 [INFO]: Виконав запит
2020-08-28 13:01:24,497 [INFO]: Записав файл
2020-08-28 13:01:24,617 [INFO]: Виконав запит
2020-08-28 13:01:24,779 [INFO]: Записав файл
2020-08-28 13:01:24,780 [INFO]: Записав файл
2020-08-28 13:01:24,899 [INFO]: Виконав запит
2020-08-28 13:01:24,900 [INFO]: Записав файл
2020-08-28 13:01:24,900 [INFO]: Записав файл
2020-08-28 13:01:24,902 [INFO]: Виконав запит
2020-08-28 13:01:25,020 [INFO]: Виконав запит
2020-08-28 13:01:25,024 [INFO]: Виконав запит
2020-08-28 13:01:25,083 [INFO]: Записав файл
2020-08-28 13:01:25,207 [INFO]: Виконав запит
2020-08-28 13:01:25,332 [INFO]: Записав файл
2020-08-28 13:01:25,455 [INFO]: Виконав запит
2020-08-28 13:01:25,504 [INFO]: Записав файл
2020-08-28 13:01:25,506 [INFO]: Записав файл
2020-08-28 13:01:25,577 [INFO]: Записав файл
2020-08-28 13:01:25,627 [INFO]: Виконав запит
2020-08-28 13:01:25,628 [INFO]: Виконав запит
2020-08-28 13:01:25,689 [INFO]: Записав файл
2020-08-28 13:01:25,699 [INFO]: Виконав запит
2020-08-28 13:01:25,812 [INFO]: Виконав запит
2020-08-28 13:01:25,910 [INFO]: Записав файл
2020-08-28 13:01:25,932 [INFO]: Записав файл
2020-08-28 13:01:26,034 [INFO]: Виконав запит
2020-08-28 13:01:26,055 [INFO]: Виконав запит
2020-08-28 13:01:26,245 [INFO]: Записав файл
2020-08-28 13:01:26,295 [INFO]: Записав файл
2020-08-28 13:01:26,418 [INFO]: Виконав запит
2020-08-28 13:01:26,517 [INFO]: Записав файл
2020-08-28 13:01:26,640 [INFO]: Виконав запит
2020-08-28 13:01:26,648 [INFO]: Виконав запит
2020-08-28 13:01:26,708 [INFO]: Записав файл
2020-08-28 13:01:26,749 [INFO]: Записав файл
2020-08-28 13:01:26,750 [INFO]: Записав файл
2020-08-28 13:01:26,872 [INFO]: Виконав запит
2020-08-28 13:01:26,880 [INFO]: Виконав запит
2020-08-28 13:01:26,923 [INFO]: Виконав запит
2020-08-28 13:01:27,226 [INFO]: Записав файл
2020-08-28 13:01:27,227 [INFO]: Записав файл
2020-08-28 13:01:27,272 [INFO]: Записав файл
2020-08-28 13:01:27,352 [INFO]: Виконав запит
2020-08-28 13:01:27,353 [INFO]: Виконав запит
2020-08-28 13:01:27,392 [INFO]: Виконав запит
2020-08-28 13:01:27,573 [INFO]: Записав файл
2020-08-28 13:01:27,657 [INFO]: Записав файл
2020-08-28 13:01:27,694 [INFO]: Виконав запит
2020-08-28 13:01:27,754 [INFO]: Записав файл
2020-08-28 13:01:27,785 [INFO]: Виконав запит
2020-08-28 13:01:27,875 [INFO]: Виконав запит
2020-08-28 13:01:27,893 [INFO]: Записав файл
2020-08-28 13:01:28,015 [INFO]: Виконав запит
2020-08-28 13:01:28,163 [INFO]: Записав файл
2020-08-28 13:01:28,164 [INFO]: Записав файл
2020-08-28 13:01:28,285 [INFO]: Виконав запит
2020-08-28 13:01:28,288 [INFO]: Виконав запит
2020-08-28 13:01:28,318 [INFO]: Записав файл
2020-08-28 13:01:28,440 [INFO]: Виконав запит
2020-08-28 13:01:28,441 [INFO]: Записав файл
2020-08-28 13:01:28,535 [INFO]: Записав файл
2020-08-28 13:01:28,566 [INFO]: Виконав запит
2020-08-28 13:01:28,656 [INFO]: Виконав запит
2020-08-28 13:01:28,809 [INFO]: Записав файл
2020-08-28 13:01:28,897 [INFO]: Записав файл
2020-08-28 13:01:28,898 [INFO]: Записав файл
2020-08-28 13:01:28,930 [INFO]: Виконав запит
2020-08-28 13:01:29,021 [INFO]: Виконав запит
2020-08-28 13:01:29,022 [INFO]: Виконав запит
2020-08-28 13:01:29,100 [INFO]: Записав файл
2020-08-28 13:01:29,223 [INFO]: Виконав запит
2020-08-28 13:01:29,408 [INFO]: Записав файл
2020-08-28 13:01:29,531 [INFO]: Виконав запит
2020-08-28 13:01:29,565 [INFO]: Записав файл
2020-08-28 13:01:29,680 [INFO]: Записав файл
2020-08-28 13:01:29,688 [INFO]: Виконав запит
2020-08-28 13:01:29,715 [INFO]: Записав файл
2020-08-28 13:01:29,802 [INFO]: Виконав запит
2020-08-28 13:01:29,839 [INFO]: Виконав запит
2020-08-28 13:01:29,976 [INFO]: Записав файл
2020-08-28 13:01:30,082 [INFO]: Записав файл
2020-08-28 13:01:30,099 [INFO]: Виконав запит
2020-08-28 13:01:30,153 [INFO]: Записав файл
2020-08-28 13:01:30,205 [INFO]: Виконав запит
2020-08-28 13:01:30,277 [INFO]: Виконав запит
2020-08-28 13:01:30,429 [INFO]: Записав файл
2020-08-28 13:01:30,460 [INFO]: Записав файл
2020-08-28 13:01:30,552 [INFO]: Виконав запит
2020-08-28 13:01:30,584 [INFO]: Виконав запит
2020-08-28 13:01:30,604 [INFO]: Записав файл
2020-08-28 13:01:30,726 [INFO]: Виконав запит
2020-08-28 13:01:30,888 [INFO]: Записав файл
2020-08-28 13:01:31,011 [INFO]: Виконав запит
2020-08-28 13:01:31,050 [INFO]: Записав файл
2020-08-28 13:01:31,203 [INFO]: Записав файл
2020-08-28 13:01:31,204 [INFO]: Записав файл
2020-08-28 13:01:31,282 [INFO]: Записав файл
2020-08-28 13:01:31,283 [INFO]: Виконав запит
2020-08-28 13:01:31,325 [INFO]: Виконав запит
2020-08-28 13:01:31,327 [INFO]: Виконав запит
2020-08-28 13:01:31,406 [INFO]: Виконав запит
2020-08-28 13:01:31,407 [INFO]: Записав файл
2020-08-28 13:01:31,530 [INFO]: Виконав запит
2020-08-28 13:01:31,611 [INFO]: Записав файл
2020-08-28 13:01:31,662 [INFO]: Записав файл
2020-08-28 13:01:31,735 [INFO]: Виконав запит
2020-08-28 13:01:31,785 [INFO]: Виконав запит
2020-08-28 13:01:31,825 [INFO]: Записав файл
2020-08-28 13:01:31,945 [INFO]: Виконав запит
2020-08-28 13:01:32,085 [INFO]: Записав файл
2020-08-28 13:01:32,185 [INFO]: Записав файл
2020-08-28 13:01:32,205 [INFO]: Виконав запит
2020-08-28 13:01:32,285 [INFO]: Записав файл
2020-08-28 13:01:32,305 [INFO]: Виконав запит
2020-08-28 13:01:32,345 [INFO]: Записав файл
2020-08-28 13:01:32,409 [INFO]: Виконав запит
2020-08-28 13:01:32,469 [INFO]: Виконав запит
2020-08-28 13:01:32,570 [INFO]: Записав файл
2020-08-28 13:01:32,694 [INFO]: Виконав запит
2020-08-28 13:01:32,734 [INFO]: Записав файл
2020-08-28 13:01:32,820 [INFO]: Записав файл
2020-08-28 13:01:32,858 [INFO]: Виконав запит
2020-08-28 13:01:32,942 [INFO]: Виконав запит
2020-08-28 13:01:32,943 [INFO]: Записав файл
2020-08-28 13:01:32,987 [INFO]: Записав файл
2020-08-28 13:01:33,067 [INFO]: Виконав запит
2020-08-28 13:01:33,110 [INFO]: Виконав запит
2020-08-28 13:01:33,311 [INFO]: Записав файл
2020-08-28 13:01:33,436 [INFO]: Виконав запит
2020-08-28 13:01:33,564 [INFO]: Записав файл
2020-08-28 13:01:33,565 [INFO]: Записав файл
2020-08-28 13:01:33,590 [INFO]: Записав файл
2020-08-28 13:01:33,638 [INFO]: Записав файл
2020-08-28 13:01:33,689 [INFO]: Виконав запит
2020-08-28 13:01:33,690 [INFO]: Виконав запит
2020-08-28 13:01:33,710 [INFO]: Виконав запит
2020-08-28 13:01:33,761 [INFO]: Виконав запит
2020-08-28 13:01:33,786 [INFO]: Записав файл
2020-08-28 13:01:33,909 [INFO]: Виконав запит
2020-08-28 13:01:34,136 [INFO]: Записав файл
2020-08-28 13:01:34,156 [INFO]: Записав файл
2020-08-28 13:01:34,256 [INFO]: Записав файл
2020-08-28 13:01:34,259 [INFO]: Виконав запит
2020-08-28 13:01:34,276 [INFO]: Виконав запит
2020-08-28 13:01:34,379 [INFO]: Виконав запит
2020-08-28 13:01:34,386 [INFO]: Записав файл
2020-08-28 13:01:34,473 [INFO]: Записав файл
2020-08-28 13:01:34,510 [INFO]: Виконав запит
2020-08-28 13:01:34,592 [INFO]: Виконав запит
2020-08-28 13:01:34,828 [INFO]: Записав файл
2020-08-28 13:01:34,849 [INFO]: Записав файл
2020-08-28 13:01:34,914 [INFO]: Записав файл
2020-08-28 13:01:34,947 [INFO]: Виконав запит
2020-08-28 13:01:34,976 [INFO]: Виконав запит
2020-08-28 13:01:35,031 [INFO]: Записав файл
2020-08-28 13:01:35,036 [INFO]: Виконав запит
2020-08-28 13:01:35,154 [INFO]: Виконав запит
2020-08-28 13:01:35,257 [INFO]: Записав файл
2020-08-28 13:01:35,379 [INFO]: Виконав запит
2020-08-28 13:01:35,605 [INFO]: Записав файл
2020-08-28 13:01:35,606 [INFO]: Записав файл
2020-08-28 13:01:35,729 [INFO]: Виконав запит
2020-08-28 13:01:35,730 [INFO]: Записав файл
2020-08-28 13:01:35,731 [INFO]: Виконав запит
2020-08-28 13:01:35,750 [INFO]: Записав файл
2020-08-28 13:01:35,852 [INFO]: Виконав запит
2020-08-28 13:01:35,875 [INFO]: Виконав запит
2020-08-28 13:01:36,046 [INFO]: Записав файл
2020-08-28 13:01:36,052 [INFO]: Записав файл
2020-08-28 13:01:36,156 [INFO]: Записав файл
2020-08-28 13:01:36,178 [INFO]: Виконав запит
2020-08-28 13:01:36,179 [INFO]: Записав файл
2020-08-28 13:01:36,180 [INFO]: Виконав запит
2020-08-28 13:01:36,276 [INFO]: Виконав запит
2020-08-28 13:01:36,303 [INFO]: Виконав запит
2020-08-28 13:01:36,408 [INFO]: Записав файл
2020-08-28 13:01:36,566 [INFO]: Записав файл
2020-08-28 13:01:36,594 [INFO]: Записав файл
2020-08-28 13:01:36,644 [INFO]: Виконав запит
2020-08-28 13:01:36,686 [INFO]: Виконав запит
2020-08-28 13:01:36,719 [INFO]: Виконав запит
2020-08-28 13:01:36,952 [INFO]: Записав файл
2020-08-28 13:01:37,002 [INFO]: Записав файл
2020-08-28 13:01:37,075 [INFO]: Виконав запит
2020-08-28 13:01:37,076 [INFO]: Записав файл
2020-08-28 13:01:37,222 [INFO]: Записав файл
2020-08-28 13:01:37,223 [INFO]: Записав файл
2020-08-28 13:01:37,817 [INFO]: Записав файл

2020-08-28 13:01:37,818 [INFO]: N: 100, total time: 14.36; BoundedSemaphore(5), sleep(random.uniform((0.3, 0.8))); 6.97/1сек, 417.92/1хв, 25075.19/1год, 601804.52/1доба
